00:00 +0: loading /Users/nealchen/IdeaProjects/afterclose/test/core/utils/price_calculator_test.dart                                                                                                   00:01 +0: loading /Users/nealchen/IdeaProjects/afterclose/test/core/utils/price_calculator_test.dart                                                                                                   00:01 +0: /Users/nealchen/IdeaProjects/afterclose/test/core/utils/price_calculator_test.dart: ... calculatePriceChange should calculate positive price change when history includes latest date        00:01 +1: /Users/nealchen/IdeaProjects/afterclose/test/core/utils/price_calculator_test.dart: ... calculatePriceChange should calculate positive price change when history includes latest date        00:01 +1: /Users/nealchen/IdeaProjects/afterclose/test/core/utils/price_calculator_test.dart: ... calculatePriceChange should calculate negative price change when history includes latest date        00:01 +2: /Users/nealchen/IdeaProjects/afterclose/test/core/utils/price_calculator_test.dart: ... calculatePriceChange should calculate negative price change when history includes latest date        00:01 +2: /Users/nealchen/IdeaProjects/afterclose/test/core/utils/price_calculator_test.dart: ... calculatePriceChange should calculate price change when history does NOT include latest date         00:01 +3: /Users/nealchen/IdeaProjects/afterclose/test/core/utils/price_calculator_test.dart: ... calculatePriceChange should calculate price change when history does NOT include latest date         00:01 +3: /Users/nealchen/IdeaProjects/afterclose/test/core/utils/price_calculator_test.dart: PriceCalculator calculatePriceChange should return null when latestPrice is null                         00:01 +4: /Users/nealchen/IdeaProjects/afterclose/test/core/utils/price_calculator_test.dart: PriceCalculator calculatePriceChange should return null when latestPrice is null                         00:01 +4: /Users/nealchen/IdeaProjects/afterclose/test/core/utils/price_calculator_test.dart: ... calculatePriceChange should return null when history has less than 2 entries and includes latest     00:01 +5: /Users/nealchen/IdeaProjects/afterclose/test/core/utils/price_calculator_test.dart: ... calculatePriceChange should return null when history has less than 2 entries and includes latest     00:01 +5: /Users/nealchen/IdeaProjects/afterclose/test/core/utils/price_calculator_test.dart: PriceCalculator calculatePriceChange should work with single entry history when latest date is different 00:01 +6: /Users/nealchen/IdeaProjects/afterclose/test/core/utils/price_calculator_test.dart: PriceCalculator calculatePriceChange should work with single entry history when latest date is different 00:01 +6: /Users/nealchen/IdeaProjects/afterclose/test/core/utils/price_calculator_test.dart: PriceCalculator calculatePriceChange should return null when previous close is zero                      00:01 +7: /Users/nealchen/IdeaProjects/afterclose/test/core/utils/price_calculator_test.dart: PriceCalculator calculatePriceChange should return null when previous close is zero                      00:01 +7: /Users/nealchen/IdeaProjects/afterclose/test/core/utils/price_calculator_test.dart: PriceCalculator calculatePriceChangeFromPrices should calculate price change from two prices             00:01 +8: /Users/nealchen/IdeaProjects/afterclose/test/core/utils/price_calculator_test.dart: PriceCalculator calculatePriceChangeFromPrices should calculate price change from two prices             00:01 +8: /Users/nealchen/IdeaProjects/afterclose/test/core/utils/price_calculator_test.dart: PriceCalculator calculatePriceChangeFromPrices should return null when current price is null             00:01 +9: /Users/nealchen/IdeaProjects/afterclose/test/core/utils/price_calculator_test.dart: PriceCalculator calculatePriceChangeFromPrices should return null when current price is null             00:01 +9: /Users/nealchen/IdeaProjects/afterclose/test/core/utils/price_calculator_test.dart: PriceCalculator calculatePriceChangeFromPrices should return null when previous price is null            00:01 +10: /Users/nealchen/IdeaProjects/afterclose/test/core/utils/price_calculator_test.dart: PriceCalculator calculatePriceChangeFromPrices should return null when previous price is null           00:01 +10: /Users/nealchen/IdeaProjects/afterclose/test/core/utils/price_calculator_test.dart: PriceCalculator calculatePriceChangeFromPrices should return null when previous price is zero           00:01 +11: /Users/nealchen/IdeaProjects/afterclose/test/core/utils/price_calculator_test.dart: PriceCalculator calculatePriceChangeFromPrices should return null when previous price is zero           00:01 +11: /Users/nealchen/IdeaProjects/afterclose/test/core/utils/price_calculator_test.dart: PriceCalculator calculatePriceChangesBatch should calculate price changes for multiple symbols          00:01 +12: /Users/nealchen/IdeaProjects/afterclose/test/core/utils/price_calculator_test.dart: PriceCalculator calculatePriceChangesBatch should calculate price changes for multiple symbols          00:01 +12: /Users/nealchen/IdeaProjects/afterclose/test/core/utils/price_calculator_test.dart: PriceCalculator calculatePriceChangesBatch should return null for symbols with no history               00:01 +13: /Users/nealchen/IdeaProjects/afterclose/test/core/utils/price_calculator_test.dart: PriceCalculator calculatePriceChangesBatch should return null for symbols with no history               00:01 +13: /Users/nealchen/IdeaProjects/afterclose/test/core/utils/price_calculator_test.dart: PriceCalculator calculatePriceChangesBatch should return null for symbols with empty history            00:01 +14: /Users/nealchen/IdeaProjects/afterclose/test/core/utils/price_calculator_test.dart: PriceCalculator calculatePriceChangesBatch should return null for symbols with empty history            00:01 +14: /Users/nealchen/IdeaProjects/afterclose/test/core/utils/price_calculator_test.dart: PriceCalculator calculatePriceChangesBatch should handle mixed valid and invalid data                   00:01 +15: /Users/nealchen/IdeaProjects/afterclose/test/core/utils/price_calculator_test.dart: PriceCalculator calculatePriceChangesBatch should handle mixed valid and invalid data                   00:01 +15: loading /Users/nealchen/IdeaProjects/afterclose/test/debug_rules_test.dart                                                                                                                  00:01 +15: /Users/nealchen/IdeaProjects/afterclose/test/debug_rules_test.dart: Rule Reproduction Tests KDGoldenCrossRule triggers on cross                                                             00:01 +16: /Users/nealchen/IdeaProjects/afterclose/test/debug_rules_test.dart: Rule Reproduction Tests KDGoldenCrossRule triggers on cross                                                             00:01 +16: /Users/nealchen/IdeaProjects/afterclose/test/debug_rules_test.dart: Rule Reproduction Tests PEUndervaluedRule triggers on low PE                                                            00:01 +16 -1: /Users/nealchen/IdeaProjects/afterclose/test/debug_rules_test.dart: Rule Reproduction Tests PEUndervaluedRule triggers on low PE [E]                                                     
  Expected: true
    Actual: <false>
  
  package:matcher                                     expect
  package:flutter_test/src/widget_tester.dart 473:18  expect
  test/debug_rules_test.dart 104:7                    main.<fn>.<fn>
  

To run this test again: /opt/homebrew/share/flutter/bin/cache/dart-sdk/bin/dart test /Users/nealchen/IdeaProjects/afterclose/test/debug_rules_test.dart -p vm --plain-name 'Rule Reproduction Tests PEUndervaluedRule triggers on low PE'
00:01 +16 -1: loading /Users/nealchen/IdeaProjects/afterclose/test/domain/services/analysis_service_test.dart                                                                                          00:01 +16 -1: /Users/nealchen/IdeaProjects/afterclose/test/domain/services/analysis_service_test.dart: AnalysisService detectTrendState should detect uptrend when prices are rising                   00:01 +17 -1: /Users/nealchen/IdeaProjects/afterclose/test/domain/services/analysis_service_test.dart: AnalysisService detectTrendState should detect uptrend when prices are rising                   00:01 +17 -1: /Users/nealchen/IdeaProjects/afterclose/test/domain/services/analysis_service_test.dart: AnalysisService detectTrendState should detect downtrend when prices are falling                00:01 +18 -1: /Users/nealchen/IdeaProjects/afterclose/test/domain/services/analysis_service_test.dart: AnalysisService detectTrendState should detect downtrend when prices are falling                00:01 +18 -1: /Users/nealchen/IdeaProjects/afterclose/test/domain/services/analysis_service_test.dart: AnalysisService detectTrendState should detect range when prices are flat                       00:01 +19 -1: /Users/nealchen/IdeaProjects/afterclose/test/domain/services/analysis_service_test.dart: AnalysisService detectTrendState should detect range when prices are flat                       00:01 +19 -1: /Users/nealchen/IdeaProjects/afterclose/test/domain/services/analysis_service_test.dart: AnalysisService detectTrendState should return range when not enough data                       00:01 +20 -1: /Users/nealchen/IdeaProjects/afterclose/test/domain/services/analysis_service_test.dart: AnalysisService detectTrendState should return range when not enough data                       00:01 +20 -1: /Users/nealchen/IdeaProjects/afterclose/test/domain/services/analysis_service_test.dart: AnalysisService detectTrendState should detect uptrend with explicit price increase             00:01 +21 -1: /Users/nealchen/IdeaProjects/afterclose/test/domain/services/analysis_service_test.dart: AnalysisService detectTrendState should detect uptrend with explicit price increase             00:01 +21 -1: /Users/nealchen/IdeaProjects/afterclose/test/domain/services/analysis_service_test.dart: AnalysisService detectTrendState should detect downtrend with explicit price decrease           00:01 +22 -1: /Users/nealchen/IdeaProjects/afterclose/test/domain/services/analysis_service_test.dart: AnalysisService detectTrendState should detect downtrend with explicit price decrease           00:01 +22 -1: /Users/nealchen/IdeaProjects/afterclose/test/domain/services/analysis_service_test.dart: AnalysisService detectTrendState should return range when price change is minimal               00:01 +23 -1: /Users/nealchen/IdeaProjects/afterclose/test/domain/services/analysis_service_test.dart: AnalysisService detectTrendState should return range when price change is minimal               00:01 +23 -1: /Users/nealchen/IdeaProjects/afterclose/test/domain/services/analysis_service_test.dart: AnalysisService findSupportResistance should find support and resistance levels                 00:01 +24 -1: /Users/nealchen/IdeaProjects/afterclose/test/domain/services/analysis_service_test.dart: AnalysisService findSupportResistance should find support and resistance levels                 00:01 +24 -1: /Users/nealchen/IdeaProjects/afterclose/test/domain/services/analysis_service_test.dart: AnalysisService findSupportResistance should return nulls when not enough data                  00:01 +25 -1: /Users/nealchen/IdeaProjects/afterclose/test/domain/services/analysis_service_test.dart: AnalysisService findSupportResistance should return nulls when not enough data                  00:01 +25 -1: /Users/nealchen/IdeaProjects/afterclose/test/domain/services/analysis_service_test.dart: AnalysisService findRange should find 60-day high and low                                       00:01 +26 -1: /Users/nealchen/IdeaProjects/afterclose/test/domain/services/analysis_service_test.dart: AnalysisService findRange should find 60-day high and low                                       00:01 +26 -1: /Users/nealchen/IdeaProjects/afterclose/test/domain/services/analysis_service_test.dart: AnalysisService findRange should return nulls when empty                                        00:01 +27 -1: /Users/nealchen/IdeaProjects/afterclose/test/domain/services/analysis_service_test.dart: AnalysisService findRange should return nulls when empty                                        00:01 +27 -1: /Users/nealchen/IdeaProjects/afterclose/test/domain/services/analysis_service_test.dart: AnalysisService detectReversalState should detect weak-to-strong on breakout above range top    00:01 +28 -1: /Users/nealchen/IdeaProjects/afterclose/test/domain/services/analysis_service_test.dart: AnalysisService detectReversalState should detect weak-to-strong on breakout above range top    00:01 +28 -1: /Users/nealchen/IdeaProjects/afterclose/test/domain/services/analysis_service_test.dart: AnalysisService detectReversalState should detect strong-to-weak on breakdown below support     00:01 +29 -1: /Users/nealchen/IdeaProjects/afterclose/test/domain/services/analysis_service_test.dart: AnalysisService detectReversalState should detect strong-to-weak on breakdown below support     00:01 +29 -1: /Users/nealchen/IdeaProjects/afterclose/test/domain/services/analysis_service_test.dart: AnalysisService detectReversalState should return none when no reversal detected                00:01 +30 -1: /Users/nealchen/IdeaProjects/afterclose/test/domain/services/rule_engine_test.dart: RuleEngine Strategy evaluateStock should run all rules and return reasons                            00:01 +31 -1: /Users/nealchen/IdeaProjects/afterclose/test/domain/services/rule_engine_test.dart: RuleEngine Strategy evaluateStock should run all rules and return reasons                            00:01 +32 -1: /Users/nealchen/IdeaProjects/afterclose/test/domain/services/rule_engine_test.dart: RuleEngine Strategy evaluateStock should run all rules and return reasons                            00:01 +33 -1: /Users/nealchen/IdeaProjects/afterclose/test/domain/services/rule_engine_test.dart: RuleEngine Strategy evaluateStock should run all rules and return reasons                            00:01 +34 -1: /Users/nealchen/IdeaProjects/afterclose/test/domain/services/rule_engine_test.dart: RuleEngine Strategy evaluateStock should run all rules and return reasons                            00:01 +35 -1: /Users/nealchen/IdeaProjects/afterclose/test/domain/services/rule_engine_test.dart: RuleEngine Strategy evaluateStock should run all rules and return reasons                            00:01 +36 -1: /Users/nealchen/IdeaProjects/afterclose/test/domain/services/rule_engine_test.dart: RuleEngine Strategy evaluateStock should run all rules and return reasons                            00:01 +37 -1: /Users/nealchen/IdeaProjects/afterclose/test/domain/services/rule_engine_test.dart: RuleEngine Strategy evaluateStock should run all rules and return reasons                            00:01 +38 -1: /Users/nealchen/IdeaProjects/afterclose/test/data/database/app_database_test.dart: AppDatabase StockMaster Operations should upsert and retrieve stock                                   00:01 +39 -1: /Users/nealchen/IdeaProjects/afterclose/test/data/database/app_database_test.dart: AppDatabase StockMaster Operations should upsert and retrieve stock                                   00:01 +40 -1: /Users/nealchen/IdeaProjects/afterclose/test/data/database/app_database_test.dart: AppDatabase StockMaster Operations should upsert and retrieve stock                                   00:01 +41 -1: /Users/nealchen/IdeaProjects/afterclose/test/data/database/app_database_test.dart: AppDatabase StockMaster Operations should upsert and retrieve stock                                   00:01 +42 -1: /Users/nealchen/IdeaProjects/afterclose/test/data/database/app_database_test.dart: AppDatabase StockMaster Operations should upsert and retrieve stock                                   00:01 +43 -1: /Users/nealchen/IdeaProjects/afterclose/test/data/database/app_database_test.dart: AppDatabase StockMaster Operations should upsert and retrieve stock                                   00:01 +44 -1: /Users/nealchen/IdeaProjects/afterclose/test/data/database/app_database_test.dart: AppDatabase StockMaster Operations should upsert and retrieve stock                                   00:01 +45 -1: /Users/nealchen/IdeaProjects/afterclose/test/data/database/app_database_test.dart: AppDatabase StockMaster Operations should upsert and retrieve stock                                   00:01 +46 -1: /Users/nealchen/IdeaProjects/afterclose/test/data/database/app_database_test.dart: AppDatabase StockMaster Operations should upsert and retrieve stock                                   00:01 +47 -1: /Users/nealchen/IdeaProjects/afterclose/test/data/database/app_database_test.dart: AppDatabase StockMaster Operations should upsert and retrieve stock                                   00:01 +48 -1: /Users/nealchen/IdeaProjects/afterclose/test/data/database/app_database_test.dart: AppDatabase StockMaster Operations should upsert and retrieve stock                                   00:01 +49 -1: /Users/nealchen/IdeaProjects/afterclose/test/data/database/app_database_test.dart: AppDatabase StockMaster Operations should upsert and retrieve stock                                   00:01 +50 -1: /Users/nealchen/IdeaProjects/afterclose/test/data/database/app_database_test.dart: AppDatabase StockMaster Operations should upsert and retrieve stock                                   00:01 +51 -1: /Users/nealchen/IdeaProjects/afterclose/test/data/database/app_database_test.dart: AppDatabase StockMaster Operations should upsert and retrieve stock                                   00:01 +52 -1: /Users/nealchen/IdeaProjects/afterclose/test/data/database/app_database_test.dart: AppDatabase StockMaster Operations should upsert and retrieve stock                                   00:01 +52 -2: /Users/nealchen/IdeaProjects/afterclose/test/domain/services/rule_engine_test.dart: Individual Rules InstitutionalShiftRule should trigger when foreign investors switch to buy [E]      
  Expected: not null
    Actual: <null>
  
  package:matcher                                     expect
  package:flutter_test/src/widget_tester.dart 473:18  expect
  test/domain/services/rule_engine_test.dart 329:9    main.<fn>.<fn>.<fn>
  

To run this test again: /opt/homebrew/share/flutter/bin/cache/dart-sdk/bin/dart test /Users/nealchen/IdeaProjects/afterclose/test/domain/services/rule_engine_test.dart -p vm --plain-name 'Individual Rules InstitutionalShiftRule should trigger when foreign investors switch to buy'
00:01 +53 -2: /Users/nealchen/IdeaProjects/afterclose/test/data/database/app_database_test.dart: AppDatabase StockMaster Operations should upsert and retrieve stock                                   00:01 +54 -2: /Users/nealchen/IdeaProjects/afterclose/test/data/database/app_database_test.dart: AppDatabase StockMaster Operations should upsert and retrieve stock                                   00:01 +55 -2: /Users/nealchen/IdeaProjects/afterclose/test/data/database/app_database_test.dart: AppDatabase StockMaster Operations should upsert and retrieve stock                                   00:01 +56 -2: /Users/nealchen/IdeaProjects/afterclose/test/data/database/app_database_test.dart: AppDatabase StockMaster Operations should upsert and retrieve stock                                   00:01 +57 -2: /Users/nealchen/IdeaProjects/afterclose/test/data/database/app_database_test.dart: AppDatabase StockMaster Operations should upsert and retrieve stock                                   00:01 +58 -2: /Users/nealchen/IdeaProjects/afterclose/test/data/database/app_database_test.dart: AppDatabase StockMaster Operations should upsert and retrieve stock                                   00:01 +59 -2: /Users/nealchen/IdeaProjects/afterclose/test/data/database/app_database_test.dart: AppDatabase StockMaster Operations should upsert and retrieve stock                                   00:01 +60 -2: /Users/nealchen/IdeaProjects/afterclose/test/domain/services/scoring_service_test.dart: ScoringService Liquidity Filters should skip stocks with low volume                              00:01 +60 -2: /Users/nealchen/IdeaProjects/afterclose/test/domain/services/scoring_service_test.dart: ScoringService Liquidity Filters should skip stocks with low volume                              
16:15:07.283 [D] [ScoringSvc] 候選 1 檔，資料充足 1 檔
16:15:07.285 [I] [ScoringSvc] 評分完成: 0 檔 (最高 0 分), 跳過 1 檔
00:01 +61 -2: /Users/nealchen/IdeaProjects/afterclose/test/domain/services/scoring_service_test.dart: ScoringService Liquidity Filters should skip stocks with low volume                              00:01 +62 -2: /Users/nealchen/IdeaProjects/afterclose/test/data/database/app_database_test.dart: AppDatabase StockMaster Operations should batch upsert stocks                                         00:01 +62 -2: /Users/nealchen/IdeaProjects/afterclose/test/domain/services/scoring_service_test.dart: ScoringService Liquidity Filters should skip stocks with low turnover                            
16:15:07.292 [D] [ScoringSvc] 候選 1 檔，資料充足 1 檔
16:15:07.292 [I] [ScoringSvc] 評分完成: 0 檔 (最高 0 分), 跳過 1 檔
00:01 +63 -2: /Users/nealchen/IdeaProjects/afterclose/test/data/database/app_database_test.dart: AppDatabase StockMaster Operations should batch upsert stocks                                         00:01 +63 -2: /Users/nealchen/IdeaProjects/afterclose/test/domain/services/scoring_service_test.dart: ScoringService Liquidity Filters should process stocks with high volume and turnover             
16:15:07.297 [D] [ScoringSvc] 候選 1 檔，資料充足 1 檔
00:01 +64 -2: /Users/nealchen/IdeaProjects/afterclose/test/domain/services/scoring_service_test.dart: ScoringService Liquidity Filters should process stocks with high volume and turnover             00:01 +64 -2: /Users/nealchen/IdeaProjects/afterclose/test/domain/services/scoring_service_test.dart: ScoringService Liquidity Filters should process stocks with high volume and turnover             
16:15:07.299 [I] [ScoringSvc] 評分完成: 1 檔 (最高 80 分), 跳過 0 檔
00:01 +65 -2: /Users/nealchen/IdeaProjects/afterclose/test/data/database/app_database_test.dart: AppDatabase StockMaster Operations should get stocks batch                                            00:01 +66 -2: /Users/nealchen/IdeaProjects/afterclose/test/data/database/app_database_test.dart: AppDatabase StockMaster Operations should get stocks batch                                            00:01 +66 -2: /Users/nealchen/IdeaProjects/afterclose/test/data/database/app_database_test.dart: AppDatabase StockMaster Operations should search stocks by symbol or name                             00:01 +66 ~1 -2: /Users/nealchen/IdeaProjects/afterclose/test/data/database/app_database_test.dart: AppDatabase StockMaster Operations should search stocks by symbol or name                          00:01 +66 ~2 -2: /Users/nealchen/IdeaProjects/afterclose/test/data/database/app_database_test.dart: AppDatabase StockMaster Operations should search stocks by symbol or name                          00:01 +67 ~2 -2: /Users/nealchen/IdeaProjects/afterclose/test/widget_test.dart: StockCard displays basic stock info                                                                                    00:01 +68 ~2 -2: /Users/nealchen/IdeaProjects/afterclose/test/widget_test.dart: StockCard displays basic stock info                                                                                    00:01 +69 ~2 -2: /Users/nealchen/IdeaProjects/afterclose/test/widget_test.dart: StockCard displays basic stock info                                                                                    00:01 +70 ~2 -2: /Users/nealchen/IdeaProjects/afterclose/test/widget_test.dart: StockCard displays basic stock info                                                                                    00:01 +71 ~2 -2: /Users/nealchen/IdeaProjects/afterclose/test/widget_test.dart: StockCard displays basic stock info                                                                                    00:01 +72 ~2 -2: /Users/nealchen/IdeaProjects/afterclose/test/widget_test.dart: StockCard displays basic stock info                                                                                    00:01 +73 ~2 -2: /Users/nealchen/IdeaProjects/afterclose/test/widget_test.dart: StockCard displays basic stock info                                                                                    00:01 +74 ~2 -2: /Users/nealchen/IdeaProjects/afterclose/test/widget_test.dart: StockCard displays basic stock info                                                                                    00:01 +75 ~2 -2: /Users/nealchen/IdeaProjects/afterclose/test/widget_test.dart: StockCard displays basic stock info                                                                                    00:01 +76 ~2 -2: /Users/nealchen/IdeaProjects/afterclose/test/widget_test.dart: StockCard displays basic stock info                                                                                    00:01 +77 ~2 -2: /Users/nealchen/IdeaProjects/afterclose/test/widget_test.dart: StockCard displays basic stock info                                                                                    00:01 +78 ~2 -2: /Users/nealchen/IdeaProjects/afterclose/test/widget_test.dart: StockCard displays basic stock info                                                                                    00:01 +79 ~2 -2: /Users/nealchen/IdeaProjects/afterclose/test/widget_test.dart: StockCard displays basic stock info                                                                                    00:01 +80 ~2 -2: /Users/nealchen/IdeaProjects/afterclose/test/widget_test.dart: StockCard displays basic stock info                                                                                    00:01 +81 ~2 -2: /Users/nealchen/IdeaProjects/afterclose/test/widget_test.dart: StockCard displays basic stock info                                                                                    00:01 +82 ~2 -2: /Users/nealchen/IdeaProjects/afterclose/test/widget_test.dart: StockCard displays basic stock info                                                                                    00:01 +83 ~2 -2: /Users/nealchen/IdeaProjects/afterclose/test/widget_test.dart: StockCard displays basic stock info                                                                                    00:01 +84 ~2 -2: /Users/nealchen/IdeaProjects/afterclose/test/widget_test.dart: StockCard displays basic stock info                                                                                    00:01 +85 ~2 -2: /Users/nealchen/IdeaProjects/afterclose/test/widget_test.dart: StockCard displays basic stock info                                                                                    00:01 +86 ~2 -2: /Users/nealchen/IdeaProjects/afterclose/test/widget_test.dart: StockCard displays basic stock info                                                                                    00:01 +87 ~2 -2: /Users/nealchen/IdeaProjects/afterclose/test/widget_test.dart: StockCard displays basic stock info                                                                                    00:01 +88 ~2 -2: /Users/nealchen/IdeaProjects/afterclose/test/widget_test.dart: StockCard displays basic stock info                                                                                    00:01 +89 ~2 -2: /Users/nealchen/IdeaProjects/afterclose/test/widget_test.dart: StockCard displays basic stock info                                                                                    00:01 +90 ~2 -2: /Users/nealchen/IdeaProjects/afterclose/test/widget_test.dart: StockCard displays basic stock info                                                                                    00:01 +91 ~2 -2: /Users/nealchen/IdeaProjects/afterclose/test/widget_test.dart: StockCard displays basic stock info                                                                                    00:01 +91 ~2 -2: /Users/nealchen/IdeaProjects/afterclose/test/widget_test.dart: StockCard displays positive price change with red color                                                                00:01 +92 ~2 -2: /Users/nealchen/IdeaProjects/afterclose/test/widget_test.dart: StockCard displays positive price change with red color                                                                00:01 +92 ~2 -2: /Users/nealchen/IdeaProjects/afterclose/test/widget_test.dart: StockCard displays negative price change with green color                                                              00:01 +93 ~2 -2: /Users/nealchen/IdeaProjects/afterclose/test/widget_test.dart: StockCard displays negative price change with green color                                                              00:01 +93 ~2 -2: /Users/nealchen/IdeaProjects/afterclose/test/widget_test.dart: StockCard displays score badge when score is provided                                                                  00:01 +94 ~2 -2: /Users/nealchen/IdeaProjects/afterclose/test/widget_test.dart: StockCard displays score badge when score is provided                                                                  00:01 +94 ~2 -2: /Users/nealchen/IdeaProjects/afterclose/test/widget_test.dart: StockCard displays reasons as tags                                                                                     00:01 +94 ~2 -2: /Users/nealchen/IdeaProjects/afterclose/test/widget_test.dart: StockCard displays reasons as tags                                                                                     
[34m[🌎 Easy Localization] [WARNING] Localization key [reasons.reversalW2S] not found[0m
[34m[🌎 Easy Localization] [WARNING] Localization key [reasons.volumeSpike] not found[0m
00:01 +95 ~2 -2: /Users/nealchen/IdeaProjects/afterclose/test/widget_test.dart: StockCard displays reasons as tags                                                                                     00:01 +95 ~2 -2: /Users/nealchen/IdeaProjects/afterclose/test/widget_test.dart: StockCard limits displayed reasons to 2                                                                                00:01 +95 ~2 -2: /Users/nealchen/IdeaProjects/afterclose/test/widget_test.dart: StockCard limits displayed reasons to 2                                                                                
[34m[🌎 Easy Localization] [WARNING] Localization key [reasons.reversalW2S] not found[0m
[34m[🌎 Easy Localization] [WARNING] Localization key [reasons.volumeSpike] not found[0m
00:01 +96 ~2 -2: /Users/nealchen/IdeaProjects/afterclose/test/widget_test.dart: StockCard limits displayed reasons to 2                                                                                00:01 +96 ~2 -2: /Users/nealchen/IdeaProjects/afterclose/test/widget_test.dart: StockCard displays uptrend icon for UP trend state                                                                     00:01 +97 ~2 -2: /Users/nealchen/IdeaProjects/afterclose/test/widget_test.dart: StockCard displays uptrend icon for UP trend state                                                                     00:01 +97 ~2 -2: /Users/nealchen/IdeaProjects/afterclose/test/widget_test.dart: StockCard displays downtrend icon for DOWN trend state                                                                 00:01 +98 ~2 -2: /Users/nealchen/IdeaProjects/afterclose/test/widget_test.dart: StockCard displays downtrend icon for DOWN trend state                                                                 00:01 +98 ~2 -2: /Users/nealchen/IdeaProjects/afterclose/test/widget_test.dart: StockCard displays range icon for null trend state                                                                     00:01 +99 ~2 -2: /Users/nealchen/IdeaProjects/afterclose/test/widget_test.dart: StockCard displays range icon for null trend state                                                                     00:01 +99 ~2 -2: /Users/nealchen/IdeaProjects/afterclose/test/widget_test.dart: StockCard shows filled star when in watchlist                                                                          00:01 +100 ~2 -2: /Users/nealchen/IdeaProjects/afterclose/test/widget_test.dart: StockCard shows filled star when in watchlist                                                                         00:01 +100 ~2 -2: /Users/nealchen/IdeaProjects/afterclose/test/widget_test.dart: StockCard shows outlined star when not in watchlist                                                                   00:01 +101 ~2 -2: /Users/nealchen/IdeaProjects/afterclose/test/widget_test.dart: StockCard shows outlined star when not in watchlist                                                                   00:01 +101 ~2 -2: /Users/nealchen/IdeaProjects/afterclose/test/widget_test.dart: StockCard calls onTap when card is tapped                                                                             00:02 +101 ~2 -2: /Users/nealchen/IdeaProjects/afterclose/test/widget_test.dart: StockCard calls onTap when card is tapped                                                                             00:02 +102 ~2 -2: /Users/nealchen/IdeaProjects/afterclose/test/widget_test.dart: StockCard calls onTap when card is tapped                                                                             00:02 +102 ~2 -2: /Users/nealchen/IdeaProjects/afterclose/test/widget_test.dart: StockCard calls onWatchlistTap when star is tapped                                                                    00:02 +103 ~2 -2: /Users/nealchen/IdeaProjects/afterclose/test/widget_test.dart: StockCard calls onWatchlistTap when star is tapped                                                                    00:02 +103 ~2 -2: /Users/nealchen/IdeaProjects/afterclose/test/widget_test.dart: StockCard hides watchlist button when onWatchlistTap is null                                                          00:02 +104 ~2 -2: /Users/nealchen/IdeaProjects/afterclose/test/widget_test.dart: StockCard hides watchlist button when onWatchlistTap is null                                                          00:02 +104 ~2 -2: /Users/nealchen/IdeaProjects/afterclose/test/widget_test.dart: StockCard score badge colors red for score >= 50                                                                      00:02 +105 ~2 -2: /Users/nealchen/IdeaProjects/afterclose/test/widget_test.dart: StockCard score badge colors red for score >= 50                                                                      00:02 +105 ~2 -2: /Users/nealchen/IdeaProjects/afterclose/test/widget_test.dart: StockCard score badge colors orange for score >= 35                                                                   00:02 +106 ~2 -2: /Users/nealchen/IdeaProjects/afterclose/test/widget_test.dart: StockCard score badge colors orange for score >= 35                                                                   00:02 +106 ~2 -2: /Users/nealchen/IdeaProjects/afterclose/test/widget_test.dart: StockCard score badge colors amber for score >= 20                                                                    00:02 +107 ~2 -2: /Users/nealchen/IdeaProjects/afterclose/test/widget_test.dart: StockCard score badge colors amber for score >= 20                                                                    00:02 +107 ~2 -2: /Users/nealchen/IdeaProjects/afterclose/test/widget_test.dart: StockCard score badge colors grey for score < 20                                                                      00:02 +108 ~2 -2: /Users/nealchen/IdeaProjects/afterclose/test/widget_test.dart: StockCard score badge colors grey for score < 20                                                                      00:02 +108 ~2 -2: /Users/nealchen/IdeaProjects/afterclose/test/widget_test.dart: Loading Indicator CircularProgressIndicator displays correctly                                                        00:02 +109 ~2 -2: /Users/nealchen/IdeaProjects/afterclose/test/widget_test.dart: Loading Indicator CircularProgressIndicator displays correctly                                                        00:02 +109 ~2 -2: /Users/nealchen/IdeaProjects/afterclose/test/widget_test.dart: Loading Indicator Loading state transitions                                                                           00:02 +110 ~2 -2: /Users/nealchen/IdeaProjects/afterclose/test/widget_test.dart: Loading Indicator Loading state transitions                                                                           00:02 +110 ~2 -2: Some tests failed.                                                                                                                                                                   
